// Vitest Snapshot v1, https://vitest.dev/guide/snapshot.html

exports[`DropdownSelect tests > should render the component 1`] = `
{
  "asFragment": [Function],
  "baseElement": <body>
    <div>
      <div
        class="select__options-container"
        data-testid="dropdown-select"
      >
        <div
          class="select__options-selected"
          data-testid="option-selected"
        >
          <img
            class="select__options-image"
          />
          <span
            class="select__options-label"
            data-testid="selected-option"
          />
          <i
            class="select__options-arrow open"
          />
        </div>
        <div
          class="select__options-items false"
          data-testid="select-options-items"
        />
      </div>
    </div>
  </body>,
  "container": <div>
    <div
      class="select__options-container"
      data-testid="dropdown-select"
    >
      <div
        class="select__options-selected"
        data-testid="option-selected"
      >
        <img
          class="select__options-image"
        />
        <span
          class="select__options-label"
          data-testid="selected-option"
        />
        <i
          class="select__options-arrow open"
        />
      </div>
      <div
        class="select__options-items false"
        data-testid="select-options-items"
      />
    </div>
  </div>,
  "debug": [Function],
  "findAllByAltText": [Function],
  "findAllByDisplayValue": [Function],
  "findAllByLabelText": [Function],
  "findAllByPlaceholderText": [Function],
  "findAllByRole": [Function],
  "findAllByTestId": [Function],
  "findAllByText": [Function],
  "findAllByTitle": [Function],
  "findByAltText": [Function],
  "findByDisplayValue": [Function],
  "findByLabelText": [Function],
  "findByPlaceholderText": [Function],
  "findByRole": [Function],
  "findByTestId": [Function],
  "findByText": [Function],
  "findByTitle": [Function],
  "getAllByAltText": [Function],
  "getAllByDisplayValue": [Function],
  "getAllByLabelText": [Function],
  "getAllByPlaceholderText": [Function],
  "getAllByRole": [Function],
  "getAllByTestId": [Function],
  "getAllByText": [Function],
  "getAllByTitle": [Function],
  "getByAltText": [Function],
  "getByDisplayValue": [Function],
  "getByLabelText": [Function],
  "getByPlaceholderText": [Function],
  "getByRole": [Function],
  "getByTestId": [Function],
  "getByText": [Function],
  "getByTitle": [Function],
  "queryAllByAltText": [Function],
  "queryAllByDisplayValue": [Function],
  "queryAllByLabelText": [Function],
  "queryAllByPlaceholderText": [Function],
  "queryAllByRole": [Function],
  "queryAllByTestId": [Function],
  "queryAllByText": [Function],
  "queryAllByTitle": [Function],
  "queryByAltText": [Function],
  "queryByDisplayValue": [Function],
  "queryByLabelText": [Function],
  "queryByPlaceholderText": [Function],
  "queryByRole": [Function],
  "queryByTestId": [Function],
  "queryByText": [Function],
  "queryByTitle": [Function],
  "rerender": [Function],
  "unmount": [Function],
}
`;
