// Vitest Snapshot v1, https://vitest.dev/guide/snapshot.html

exports[`StoryCard tests > Should render the component provided the right data 1`] = `
{
  "asFragment": [Function],
  "baseElement": <body>
    <div>
      <div
        class="hacker__news__app-story-card"
        data-testid="story-card-component"
      >
        <div
          class="story__card__info"
        >
          <div
            class="story__card__info-author"
          >
            <img
              alt="clock"
              src="/src/assets/svgs/clock.svg"
            />
            <span
              data-testid="story-info"
            >
              about 3 years
               ago by 
              an author
            </span>
          </div>
          <div
            class="story__card__info-title"
            data-testid="story-title"
          >
            some title
          </div>
        </div>
        <div
          class="story__card__actions"
        >
          <img
            alt="favorited"
            class="story__card__actions-heart"
            data-testid="heart-button"
            src="/src/assets/svgs/heart-outline.svg"
          />
        </div>
      </div>
    </div>
  </body>,
  "container": <div>
    <div
      class="hacker__news__app-story-card"
      data-testid="story-card-component"
    >
      <div
        class="story__card__info"
      >
        <div
          class="story__card__info-author"
        >
          <img
            alt="clock"
            src="/src/assets/svgs/clock.svg"
          />
          <span
            data-testid="story-info"
          >
            about 3 years
             ago by 
            an author
          </span>
        </div>
        <div
          class="story__card__info-title"
          data-testid="story-title"
        >
          some title
        </div>
      </div>
      <div
        class="story__card__actions"
      >
        <img
          alt="favorited"
          class="story__card__actions-heart"
          data-testid="heart-button"
          src="/src/assets/svgs/heart-outline.svg"
        />
      </div>
    </div>
  </div>,
  "debug": [Function],
  "findAllByAltText": [Function],
  "findAllByDisplayValue": [Function],
  "findAllByLabelText": [Function],
  "findAllByPlaceholderText": [Function],
  "findAllByRole": [Function],
  "findAllByTestId": [Function],
  "findAllByText": [Function],
  "findAllByTitle": [Function],
  "findByAltText": [Function],
  "findByDisplayValue": [Function],
  "findByLabelText": [Function],
  "findByPlaceholderText": [Function],
  "findByRole": [Function],
  "findByTestId": [Function],
  "findByText": [Function],
  "findByTitle": [Function],
  "getAllByAltText": [Function],
  "getAllByDisplayValue": [Function],
  "getAllByLabelText": [Function],
  "getAllByPlaceholderText": [Function],
  "getAllByRole": [Function],
  "getAllByTestId": [Function],
  "getAllByText": [Function],
  "getAllByTitle": [Function],
  "getByAltText": [Function],
  "getByDisplayValue": [Function],
  "getByLabelText": [Function],
  "getByPlaceholderText": [Function],
  "getByRole": [Function],
  "getByTestId": [Function],
  "getByText": [Function],
  "getByTitle": [Function],
  "queryAllByAltText": [Function],
  "queryAllByDisplayValue": [Function],
  "queryAllByLabelText": [Function],
  "queryAllByPlaceholderText": [Function],
  "queryAllByRole": [Function],
  "queryAllByTestId": [Function],
  "queryAllByText": [Function],
  "queryAllByTitle": [Function],
  "queryByAltText": [Function],
  "queryByDisplayValue": [Function],
  "queryByLabelText": [Function],
  "queryByPlaceholderText": [Function],
  "queryByRole": [Function],
  "queryByTestId": [Function],
  "queryByText": [Function],
  "queryByTitle": [Function],
  "rerender": [Function],
  "unmount": [Function],
}
`;
